Archive member included because of file (symbol)

/home/rebble/.pebble-sdk/SDKs/current/sdk-core/pebble/aplite/lib/libpebble.a(tmp7jpKUopebble.o)
                              src/c/engineeringtime.c.9.o (app_event_loop)
/home/rebble/pebble-dev/pebble-sdk-4.6-rc2-linux64/arm-cs-tools/bin/../lib/gcc/arm-none-eabi/4.7.2/thumb2/libgcc.a(_arm_addsubsf3.o)
                              src/c/modules/font.c.9.o (__aeabi_fsub)
/home/rebble/pebble-dev/pebble-sdk-4.6-rc2-linux64/arm-cs-tools/bin/../lib/gcc/arm-none-eabi/4.7.2/thumb2/libgcc.a(_arm_muldivsf3.o)
                              src/c/modules/font.c.9.o (__aeabi_fmul)
/home/rebble/pebble-dev/pebble-sdk-4.6-rc2-linux64/arm-cs-tools/bin/../lib/gcc/arm-none-eabi/4.7.2/thumb2/libgcc.a(_arm_fixsfsi.o)
                              src/c/modules/font.c.9.o (__aeabi_f2iz)

Discarded input sections

 .text          0x0000000000000000        0x0 /home/rebble/pebble-dev/pebble-sdk-4.6-rc2-linux64/arm-cs-tools/bin/../lib/gcc/arm-none-eabi/4.7.2/thumb2/crti.o
 .bss           0x0000000000000000        0x0 /home/rebble/pebble-dev/pebble-sdk-4.6-rc2-linux64/arm-cs-tools/bin/../lib/gcc/arm-none-eabi/4.7.2/thumb2/crti.o
 .init          0x0000000000000000        0x4 /home/rebble/pebble-dev/pebble-sdk-4.6-rc2-linux64/arm-cs-tools/bin/../lib/gcc/arm-none-eabi/4.7.2/thumb2/crti.o
 .fini          0x0000000000000000        0x4 /home/rebble/pebble-dev/pebble-sdk-4.6-rc2-linux64/arm-cs-tools/bin/../lib/gcc/arm-none-eabi/4.7.2/thumb2/crti.o
 .text          0x0000000000000000       0xc8 /home/rebble/pebble-dev/pebble-sdk-4.6-rc2-linux64/arm-cs-tools/bin/../lib/gcc/arm-none-eabi/4.7.2/thumb2/crtbegin.o
 .bss           0x0000000000000000       0x1c /home/rebble/pebble-dev/pebble-sdk-4.6-rc2-linux64/arm-cs-tools/bin/../lib/gcc/arm-none-eabi/4.7.2/thumb2/crtbegin.o
 .init_array    0x0000000000000000        0x4 /home/rebble/pebble-dev/pebble-sdk-4.6-rc2-linux64/arm-cs-tools/bin/../lib/gcc/arm-none-eabi/4.7.2/thumb2/crtbegin.o
 .fini_array    0x0000000000000000        0x4 /home/rebble/pebble-dev/pebble-sdk-4.6-rc2-linux64/arm-cs-tools/bin/../lib/gcc/arm-none-eabi/4.7.2/thumb2/crtbegin.o
 .eh_frame      0x0000000000000000        0x0 /home/rebble/pebble-dev/pebble-sdk-4.6-rc2-linux64/arm-cs-tools/bin/../lib/gcc/arm-none-eabi/4.7.2/thumb2/crtbegin.o
 .jcr           0x0000000000000000        0x0 /home/rebble/pebble-dev/pebble-sdk-4.6-rc2-linux64/arm-cs-tools/bin/../lib/gcc/arm-none-eabi/4.7.2/thumb2/crtbegin.o
 .tm_clone_table
                0x0000000000000000        0x0 /home/rebble/pebble-dev/pebble-sdk-4.6-rc2-linux64/arm-cs-tools/bin/../lib/gcc/arm-none-eabi/4.7.2/thumb2/crtbegin.o
 .text          0x0000000000000000        0x0 src/c/engineeringtime.c.9.o
 .bss           0x0000000000000000        0x0 src/c/engineeringtime.c.9.o
 .text          0x0000000000000000        0x0 src/c/lib/universal_fb/universal_fb.c.9.o
 .bss           0x0000000000000000        0x0 src/c/lib/universal_fb/universal_fb.c.9.o
 .text          0x0000000000000000        0x0 src/c/modules/comm.c.9.o
 .bss           0x0000000000000000        0x0 src/c/modules/comm.c.9.o
 .text          0x0000000000000000        0x0 src/c/modules/data.c.9.o
 .bss           0x0000000000000000        0x0 src/c/modules/data.c.9.o
 .text.data_set_foreground_color
                0x0000000000000000        0xc src/c/modules/data.c.9.o
 .text.data_set_background_color
                0x0000000000000000        0xc src/c/modules/data.c.9.o
 .text          0x0000000000000000        0x0 src/c/modules/font.c.9.o
 .bss           0x0000000000000000        0x0 src/c/modules/font.c.9.o
 .text          0x0000000000000000        0x0 src/c/windows/main_window.c.9.o
 .bss           0x0000000000000000        0x0 src/c/windows/main_window.c.9.o
 .text          0x0000000000000000        0x0 aplite/appinfo.auto.c.9.o
 .bss           0x0000000000000000        0x0 aplite/appinfo.auto.c.9.o
 .text          0x0000000000000000        0x0 aplite/src/resource_ids.auto.c.9.o
 .bss           0x0000000000000000        0x0 aplite/src/resource_ids.auto.c.9.o
 .data.RESOURCE_ID_BT_WHITE
                0x0000000000000000        0x4 aplite/src/resource_ids.auto.c.9.o
 .data.RESOURCE_ID_IMAGE_MENU_ICON
                0x0000000000000000        0x4 aplite/src/resource_ids.auto.c.9.o
 .data.RESOURCE_ID_FONT_IMAGINE_48
                0x0000000000000000        0x4 aplite/src/resource_ids.auto.c.9.o
 .data.RESOURCE_ID_FONT_IMAGINE_24
                0x0000000000000000        0x4 aplite/src/resource_ids.auto.c.9.o
 .data.RESOURCE_ID_BT_BLACK
                0x0000000000000000        0x4 aplite/src/resource_ids.auto.c.9.o
 .text          0x0000000000000000        0x0 src/message_keys.auto.c.9.o
 .bss           0x0000000000000000        0x0 src/message_keys.auto.c.9.o
 .data.MESSAGE_KEY_dummy
                0x0000000000000000        0x4 src/message_keys.auto.c.9.o
[...]
Memory Configuration

Name             Origin             Length             Attributes
APP              0x0000000000000000 0x0000000000006000 xrw
*default*        0x0000000000000000 0xffffffffffffffff

Linker script and memory map

LOAD /home/rebble/pebble-dev/pebble-sdk-4.6-rc2-linux64/arm-cs-tools/bin/../lib/gcc/arm-none-eabi/4.7.2/thumb2/crti.o
LOAD /home/rebble/pebble-dev/pebble-sdk-4.6-rc2-linux64/arm-cs-tools/bin/../lib/gcc/arm-none-eabi/4.7.2/thumb2/crtbegin.o
LOAD src/c/engineeringtime.c.9.o
LOAD src/c/lib/universal_fb/universal_fb.c.9.o
LOAD src/c/modules/comm.c.9.o
LOAD src/c/modules/data.c.9.o
LOAD src/c/modules/font.c.9.o
LOAD src/c/windows/main_window.c.9.o
LOAD aplite/appinfo.auto.c.9.o
LOAD aplite/src/resource_ids.auto.c.9.o
LOAD src/message_keys.auto.c.9.o
LOAD /home/rebble/.pebble-sdk/SDKs/current/sdk-core/pebble/aplite/lib/libpebble.a
START GROUP
LOAD /home/rebble/pebble-dev/pebble-sdk-4.6-rc2-linux64/arm-cs-tools/bin/../lib/gcc/arm-none-eabi/4.7.2/thumb2/libgcc.a
LOAD /home/rebble/pebble-dev/pebble-sdk-4.6-rc2-linux64/arm-cs-tools/bin/../lib/gcc/arm-none-eabi/4.7.2/../../../../arm-none-eabi/lib/thumb2/libc.a
END GROUP
LOAD /home/rebble/pebble-dev/pebble-sdk-4.6-rc2-linux64/arm-cs-tools/bin/../lib/gcc/arm-none-eabi/4.7.2/thumb2/crtend.o
LOAD /home/rebble/pebble-dev/pebble-sdk-4.6-rc2-linux64/arm-cs-tools/bin/../lib/gcc/arm-none-eabi/4.7.2/thumb2/crtn.o

.header         0x0000000000000000       0x82
 *(.pbl_header)
 .pbl_header    0x0000000000000000       0x82 aplite/appinfo.auto.c.9.o
                0x0000000000000000                __pbl_app_info

.note.gnu.build-id
                0x0000000000000082       0x26
                0x0000000000000082                PROVIDE (BUILD_ID, .)
 *(.note.gnu.build-id)
 *fill*         0x0000000000000082        0x2 
 .note.gnu.build-id
                0x0000000000000084       0x24 linker stubs

.text           0x00000000000000a8     0x12ef
 *(.text)
 .text          0x00000000000000a8       0x14 /home/rebble/.pebble-sdk/SDKs/current/sdk-core/pebble/aplite/lib/libpebble.a(tmp7jpKUopebble.o)
 .text          0x00000000000000bc      0x21c /home/rebble/pebble-dev/pebble-sdk-4.6-rc2-linux64/arm-cs-tools/bin/../lib/gcc/arm-none-eabi/4.7.2/thumb2/libgcc.a(_arm_addsubsf3.o)
                0x00000000000000bc                __aeabi_frsub
                0x00000000000000c4                __subsf3
                0x00000000000000c4                __aeabi_fsub
                0x00000000000000c8                __aeabi_fadd
                0x00000000000000c8                __addsf3
                0x0000000000000228                __aeabi_ui2f
                0x0000000000000228                __floatunsisf
                0x0000000000000230                __aeabi_i2f
                0x0000000000000230                __floatsisf
                0x000000000000024c                __floatundisf
                0x000000000000024c                __aeabi_ul2f
                0x000000000000025c                __floatdisf
                0x000000000000025c                __aeabi_l2f
 .text          0x00000000000002d8      0x2a0 /home/rebble/pebble-dev/pebble-sdk-4.6-rc2-linux64/arm-cs-tools/bin/../lib/gcc/arm-none-eabi/4.7.2/thumb2/libgcc.a(_arm_muldivsf3.o)
                0x00000000000002d8                __mulsf3
                0x00000000000002d8                __aeabi_fmul
                0x0000000000000440                __divsf3
                0x0000000000000440                __aeabi_fdiv
 .text          0x0000000000000578       0x4c /home/rebble/pebble-dev/pebble-sdk-4.6-rc2-linux64/arm-cs-tools/bin/../lib/gcc/arm-none-eabi/4.7.2/thumb2/libgcc.a(_arm_fixsfsi.o)
                0x0000000000000578                __fixsfsi
                0x0000000000000578                __aeabi_f2iz
 *(.text.*)
 .text.startup.main
                0x00000000000005c4       0x34 src/c/engineeringtime.c.9.o
                0x00000000000005c4                main
 .text.universal_fb_get_pixel_color
                0x00000000000005f8       0x78 src/c/lib/universal_fb/universal_fb.c.9.o
                0x00000000000005f8                universal_fb_get_pixel_color
 .text.universal_fb_set_pixel_color
                0x0000000000000670       0x7c src/c/lib/universal_fb/universal_fb.c.9.o
                0x0000000000000670                universal_fb_set_pixel_color
 .text.universal_fb_swap_colors
                0x00000000000006ec       0xb6 src/c/lib/universal_fb/universal_fb.c.9.o
                0x00000000000006ec                universal_fb_swap_colors
 .text.inbox_received_handler
                0x00000000000007a2       0x9a src/c/modules/comm.c.9.o
 .text.comm_init
                0x000000000000083c       0x20 src/c/modules/comm.c.9.o
                0x000000000000083c                comm_init
 .text.comm_deinit
                0x000000000000085c        0x2 src/c/modules/comm.c.9.o
                0x000000000000085c                comm_deinit
 *fill*         0x000000000000085e        0x2 
 .text.data_deinit
                0x0000000000000860       0x40 src/c/modules/data.c.9.o
                0x0000000000000860                data_deinit
 .text.data_init
                0x00000000000008a0       0xb0 src/c/modules/data.c.9.o
                0x00000000000008a0                data_init
 .text.data_get_boolean_setting
                0x0000000000000950        0xc src/c/modules/data.c.9.o
                0x0000000000000950                data_get_boolean_setting
 .text.data_set_boolean_setting
                0x000000000000095c       0x10 src/c/modules/data.c.9.o
                0x000000000000095c                data_set_boolean_setting
 .text.data_get_foreground_color
                0x000000000000096c        0x6 src/c/modules/data.c.9.o
                0x000000000000096c                data_get_foreground_color
 .text.data_get_background_color
                0x0000000000000972        0x6 src/c/modules/data.c.9.o
                0x0000000000000972                data_get_background_color
 .text.font_draw_char
                0x0000000000000978      0x154 src/c/modules/font.c.9.o
                0x0000000000000978                font_draw_char
 .text.font_draw_string
                0x0000000000000acc       0x44 src/c/modules/font.c.9.o
                0x0000000000000acc                font_draw_string
 .text.reload_config
                0x0000000000000b10      0x104 src/c/windows/main_window.c.9.o
 .text.reload_config_handler
                0x0000000000000c14        0x4 src/c/windows/main_window.c.9.o
 .text.update_digit_values
                0x0000000000000c18       0x6c src/c/windows/main_window.c.9.o
 .text.show_digit_values
                0x0000000000000c84       0x50 src/c/windows/main_window.c.9.o
 .text.tick_handler
                0x0000000000000cd4        0xe src/c/windows/main_window.c.9.o
 *fill*         0x0000000000000ce2        0x2 
 .text.window_unload
                0x0000000000000ce4       0x58 src/c/windows/main_window.c.9.o
 .text.window_load
                0x0000000000000d3c      0x1ac src/c/windows/main_window.c.9.o
 .text.date_update_proc
                0x0000000000000ee8       0x58 src/c/windows/main_window.c.9.o
 .text.bt_handler
                0x0000000000000f40       0x2c src/c/windows/main_window.c.9.o
 .text.bt_update_proc
                0x0000000000000f6c       0x74 src/c/windows/main_window.c.9.o
 .text.main_window_push
                0x0000000000000fe0       0x94 src/c/windows/main_window.c.9.o
                0x0000000000000fe0                main_window_push
 .text.main_window_reload_config
                0x0000000000001074       0x18 src/c/windows/main_window.c.9.o
                0x0000000000001074                main_window_reload_config
 .text.app_event_loop
                0x000000000000108c        0xc /home/rebble/.pebble-sdk/SDKs/current/sdk-core/pebble/aplite/lib/libpebble.a(tmp7jpKUopebble.o)
                0x000000000000108c                app_event_loop
 .text.app_message_open
                0x0000000000001098        0xc /home/rebble/.pebble-sdk/SDKs/current/sdk-core/pebble/aplite/lib/libpebble.a(tmp7jpKUopebble.o)
                0x0000000000001098                app_message_open
 .text.app_timer_register
                0x00000000000010a4        0xc /home/rebble/.pebble-sdk/SDKs/current/sdk-core/pebble/aplite/lib/libpebble.a(tmp7jpKUopebble.o)
                0x00000000000010a4                app_timer_register
 .text.clock_is_24h_style
                0x00000000000010b0        0xc /home/rebble/.pebble-sdk/SDKs/current/sdk-core/pebble/aplite/lib/libpebble.a(tmp7jpKUopebble.o)
                0x00000000000010b0                clock_is_24h_style
 .text.dict_find
                0x00000000000010bc        0xc /home/rebble/.pebble-sdk/SDKs/current/sdk-core/pebble/aplite/lib/libpebble.a(tmp7jpKUopebble.o)
                0x00000000000010bc                dict_find
 .text.fonts_load_custom_font
                0x00000000000010c8        0xc /home/rebble/.pebble-sdk/SDKs/current/sdk-core/pebble/aplite/lib/libpebble.a(tmp7jpKUopebble.o)
                0x00000000000010c8                fonts_load_custom_font
 .text.gbitmap_create_with_resource
                0x00000000000010d4        0xc /home/rebble/.pebble-sdk/SDKs/current/sdk-core/pebble/aplite/lib/libpebble.a(tmp7jpKUopebble.o)
                0x00000000000010d4                gbitmap_create_with_resource
 .text.gbitmap_destroy
                0x00000000000010e0        0xc /home/rebble/.pebble-sdk/SDKs/current/sdk-core/pebble/aplite/lib/libpebble.a(tmp7jpKUopebble.o)
                0x00000000000010e0                gbitmap_destroy
 .text.graphics_context_set_compositing_mode
                0x00000000000010ec        0xc /home/rebble/.pebble-sdk/SDKs/current/sdk-core/pebble/aplite/lib/libpebble.a(tmp7jpKUopebble.o)
                0x00000000000010ec                graphics_context_set_compositing_mode
 .text.graphics_draw_bitmap_in_rect
                0x00000000000010f8        0xc /home/rebble/.pebble-sdk/SDKs/current/sdk-core/pebble/aplite/lib/libpebble.a(tmp7jpKUopebble.o)
                0x00000000000010f8                graphics_draw_bitmap_in_rect
 .text.graphics_draw_line
                0x0000000000001104        0xc /home/rebble/.pebble-sdk/SDKs/current/sdk-core/pebble/aplite/lib/libpebble.a(tmp7jpKUopebble.o)
                0x0000000000001104                graphics_draw_line
 .text.layer_add_child
                0x0000000000001110        0xc /home/rebble/.pebble-sdk/SDKs/current/sdk-core/pebble/aplite/lib/libpebble.a(tmp7jpKUopebble.o)
                0x0000000000001110                layer_add_child
 .text.layer_create
                0x000000000000111c        0xc /home/rebble/.pebble-sdk/SDKs/current/sdk-core/pebble/aplite/lib/libpebble.a(tmp7jpKUopebble.o)
                0x000000000000111c                layer_create
 .text.layer_destroy
                0x0000000000001128        0xc /home/rebble/.pebble-sdk/SDKs/current/sdk-core/pebble/aplite/lib/libpebble.a(tmp7jpKUopebble.o)
                0x0000000000001128                layer_destroy
 .text.layer_get_bounds
                0x0000000000001134        0xc /home/rebble/.pebble-sdk/SDKs/current/sdk-core/pebble/aplite/lib/libpebble.a(tmp7jpKUopebble.o)
                0x0000000000001134                layer_get_bounds
 .text.layer_get_frame
                0x0000000000001140        0xc /home/rebble/.pebble-sdk/SDKs/current/sdk-core/pebble/aplite/lib/libpebble.a(tmp7jpKUopebble.o)
                0x0000000000001140                layer_get_frame
 .text.layer_mark_dirty
                0x000000000000114c        0xc /home/rebble/.pebble-sdk/SDKs/current/sdk-core/pebble/aplite/lib/libpebble.a(tmp7jpKUopebble.o)
                0x000000000000114c                layer_mark_dirty
 .text.layer_remove_from_parent
                0x0000000000001158        0xc /home/rebble/.pebble-sdk/SDKs/current/sdk-core/pebble/aplite/lib/libpebble.a(tmp7jpKUopebble.o)
                0x0000000000001158                layer_remove_from_parent
 .text.layer_set_hidden
                0x0000000000001164        0xc /home/rebble/.pebble-sdk/SDKs/current/sdk-core/pebble/aplite/lib/libpebble.a(tmp7jpKUopebble.o)
                0x0000000000001164                layer_set_hidden
 .text.layer_set_update_proc
                0x0000000000001170        0xc /home/rebble/.pebble-sdk/SDKs/current/sdk-core/pebble/aplite/lib/libpebble.a(tmp7jpKUopebble.o)
                0x0000000000001170                layer_set_update_proc
 .text.memset   0x000000000000117c        0xc /home/rebble/.pebble-sdk/SDKs/current/sdk-core/pebble/aplite/lib/libpebble.a(tmp7jpKUopebble.o)
                0x000000000000117c                memset
 .text.persist_delete
                0x0000000000001188        0xc /home/rebble/.pebble-sdk/SDKs/current/sdk-core/pebble/aplite/lib/libpebble.a(tmp7jpKUopebble.o)
                0x0000000000001188                persist_delete
 .text.persist_exists
                0x0000000000001194        0xc /home/rebble/.pebble-sdk/SDKs/current/sdk-core/pebble/aplite/lib/libpebble.a(tmp7jpKUopebble.o)
                0x0000000000001194                persist_exists
 .text.persist_read_bool
                0x00000000000011a0        0xc /home/rebble/.pebble-sdk/SDKs/current/sdk-core/pebble/aplite/lib/libpebble.a(tmp7jpKUopebble.o)
                0x00000000000011a0                persist_read_bool
 .text.persist_read_int
                0x00000000000011ac        0xc /home/rebble/.pebble-sdk/SDKs/current/sdk-core/pebble/aplite/lib/libpebble.a(tmp7jpKUopebble.o)
                0x00000000000011ac                persist_read_int
 .text.persist_write_bool
                0x00000000000011b8        0xc /home/rebble/.pebble-sdk/SDKs/current/sdk-core/pebble/aplite/lib/libpebble.a(tmp7jpKUopebble.o)
                0x00000000000011b8                persist_write_bool
 .text.persist_write_int
                0x00000000000011c4        0xc /home/rebble/.pebble-sdk/SDKs/current/sdk-core/pebble/aplite/lib/libpebble.a(tmp7jpKUopebble.o)
                0x00000000000011c4                persist_write_int
 .text.resource_get_handle
                0x00000000000011d0        0xc /home/rebble/.pebble-sdk/SDKs/current/sdk-core/pebble/aplite/lib/libpebble.a(tmp7jpKUopebble.o)
                0x00000000000011d0                resource_get_handle
 .text.strftime
                0x00000000000011dc        0xc /home/rebble/.pebble-sdk/SDKs/current/sdk-core/pebble/aplite/lib/libpebble.a(tmp7jpKUopebble.o)
                0x00000000000011dc                strftime
 .text.strlen   0x00000000000011e8        0xc /home/rebble/.pebble-sdk/SDKs/current/sdk-core/pebble/aplite/lib/libpebble.a(tmp7jpKUopebble.o)
                0x00000000000011e8                strlen
 .text.tick_timer_service_subscribe
                0x00000000000011f4        0xc /home/rebble/.pebble-sdk/SDKs/current/sdk-core/pebble/aplite/lib/libpebble.a(tmp7jpKUopebble.o)
                0x00000000000011f4                tick_timer_service_subscribe
 .text.tick_timer_service_unsubscribe
                0x0000000000001200        0xc /home/rebble/.pebble-sdk/SDKs/current/sdk-core/pebble/aplite/lib/libpebble.a(tmp7jpKUopebble.o)
                0x0000000000001200                tick_timer_service_unsubscribe
 .text.vibes_double_pulse
                0x000000000000120c        0xc /home/rebble/.pebble-sdk/SDKs/current/sdk-core/pebble/aplite/lib/libpebble.a(tmp7jpKUopebble.o)
                0x000000000000120c                vibes_double_pulse
 .text.window_create
                0x0000000000001218        0xc /home/rebble/.pebble-sdk/SDKs/current/sdk-core/pebble/aplite/lib/libpebble.a(tmp7jpKUopebble.o)
                0x0000000000001218                window_create
 .text.window_destroy
                0x0000000000001224        0xc /home/rebble/.pebble-sdk/SDKs/current/sdk-core/pebble/aplite/lib/libpebble.a(tmp7jpKUopebble.o)
                0x0000000000001224                window_destroy
 .text.window_get_root_layer
                0x0000000000001230        0xc /home/rebble/.pebble-sdk/SDKs/current/sdk-core/pebble/aplite/lib/libpebble.a(tmp7jpKUopebble.o)
                0x0000000000001230                window_get_root_layer
 .text.window_set_window_handlers
                0x000000000000123c        0xc /home/rebble/.pebble-sdk/SDKs/current/sdk-core/pebble/aplite/lib/libpebble.a(tmp7jpKUopebble.o)
                0x000000000000123c                window_set_window_handlers
 .text.window_stack_push
                0x0000000000001248        0xc /home/rebble/.pebble-sdk/SDKs/current/sdk-core/pebble/aplite/lib/libpebble.a(tmp7jpKUopebble.o)
                0x0000000000001248                window_stack_push
 .text.app_message_register_inbox_received
                0x0000000000001254        0xc /home/rebble/.pebble-sdk/SDKs/current/sdk-core/pebble/aplite/lib/libpebble.a(tmp7jpKUopebble.o)
                0x0000000000001254                app_message_register_inbox_received
 .text.graphics_release_frame_buffer
                0x0000000000001260        0xc /home/rebble/.pebble-sdk/SDKs/current/sdk-core/pebble/aplite/lib/libpebble.a(tmp7jpKUopebble.o)
                0x0000000000001260                graphics_release_frame_buffer
 .text.setlocale
                0x000000000000126c        0xc /home/rebble/.pebble-sdk/SDKs/current/sdk-core/pebble/aplite/lib/libpebble.a(tmp7jpKUopebble.o)
                0x000000000000126c                setlocale
 .text.gcolor_equal
                0x0000000000001278        0xc /home/rebble/.pebble-sdk/SDKs/current/sdk-core/pebble/aplite/lib/libpebble.a(tmp7jpKUopebble.o)
                0x0000000000001278                gcolor_equal
 .text.graphics_context_set_fill_color
                0x0000000000001284        0xc /home/rebble/.pebble-sdk/SDKs/current/sdk-core/pebble/aplite/lib/libpebble.a(tmp7jpKUopebble.o)
                0x0000000000001284                graphics_context_set_fill_color
 .text.graphics_context_set_stroke_color
                0x0000000000001290        0xc /home/rebble/.pebble-sdk/SDKs/current/sdk-core/pebble/aplite/lib/libpebble.a(tmp7jpKUopebble.o)
                0x0000000000001290                graphics_context_set_stroke_color
 .text.window_set_background_color
                0x000000000000129c        0xc /home/rebble/.pebble-sdk/SDKs/current/sdk-core/pebble/aplite/lib/libpebble.a(tmp7jpKUopebble.o)
                0x000000000000129c                window_set_background_color
 .text.localtime
                0x00000000000012a8        0xc /home/rebble/.pebble-sdk/SDKs/current/sdk-core/pebble/aplite/lib/libpebble.a(tmp7jpKUopebble.o)
                0x00000000000012a8                localtime
 .text.graphics_capture_frame_buffer
                0x00000000000012b4        0xc /home/rebble/.pebble-sdk/SDKs/current/sdk-core/pebble/aplite/lib/libpebble.a(tmp7jpKUopebble.o)
                0x00000000000012b4                graphics_capture_frame_buffer
 .text.gbitmap_get_bounds
                0x00000000000012c0        0xc /home/rebble/.pebble-sdk/SDKs/current/sdk-core/pebble/aplite/lib/libpebble.a(tmp7jpKUopebble.o)
                0x00000000000012c0                gbitmap_get_bounds
 .text.graphics_context_set_antialiased
                0x00000000000012cc        0xc /home/rebble/.pebble-sdk/SDKs/current/sdk-core/pebble/aplite/lib/libpebble.a(tmp7jpKUopebble.o)
                0x00000000000012cc                graphics_context_set_antialiased
 .text.graphics_context_set_stroke_width
                0x00000000000012d8        0xc /home/rebble/.pebble-sdk/SDKs/current/sdk-core/pebble/aplite/lib/libpebble.a(tmp7jpKUopebble.o)
                0x00000000000012d8                graphics_context_set_stroke_width
 .text.text_layer_create
                0x00000000000012e4        0xc /home/rebble/.pebble-sdk/SDKs/current/sdk-core/pebble/aplite/lib/libpebble.a(tmp7jpKUopebble.o)
                0x00000000000012e4                text_layer_create
 .text.text_layer_destroy
                0x00000000000012f0        0xc /home/rebble/.pebble-sdk/SDKs/current/sdk-core/pebble/aplite/lib/libpebble.a(tmp7jpKUopebble.o)
                0x00000000000012f0                text_layer_destroy
 .text.text_layer_get_layer
                0x00000000000012fc        0xc /home/rebble/.pebble-sdk/SDKs/current/sdk-core/pebble/aplite/lib/libpebble.a(tmp7jpKUopebble.o)
                0x00000000000012fc                text_layer_get_layer
 .text.text_layer_set_background_color
                0x0000000000001308        0xc /home/rebble/.pebble-sdk/SDKs/current/sdk-core/pebble/aplite/lib/libpebble.a(tmp7jpKUopebble.o)
                0x0000000000001308                text_layer_set_background_color
 .text.text_layer_set_font
                0x0000000000001314        0xc /home/rebble/.pebble-sdk/SDKs/current/sdk-core/pebble/aplite/lib/libpebble.a(tmp7jpKUopebble.o)
                0x0000000000001314                text_layer_set_font
 .text.text_layer_set_text
                0x0000000000001320        0xc /home/rebble/.pebble-sdk/SDKs/current/sdk-core/pebble/aplite/lib/libpebble.a(tmp7jpKUopebble.o)
                0x0000000000001320                text_layer_set_text
 .text.text_layer_set_text_alignment
                0x000000000000132c        0xc /home/rebble/.pebble-sdk/SDKs/current/sdk-core/pebble/aplite/lib/libpebble.a(tmp7jpKUopebble.o)
                0x000000000000132c                text_layer_set_text_alignment
 .text.text_layer_set_text_color
                0x0000000000001338        0xc /home/rebble/.pebble-sdk/SDKs/current/sdk-core/pebble/aplite/lib/libpebble.a(tmp7jpKUopebble.o)
                0x0000000000001338                text_layer_set_text_color
 .text.time     0x0000000000001344        0xc /home/rebble/.pebble-sdk/SDKs/current/sdk-core/pebble/aplite/lib/libpebble.a(tmp7jpKUopebble.o)
                0x0000000000001344                time
 .text.connection_service_peek_pebble_app_connection
                0x0000000000001350        0xc /home/rebble/.pebble-sdk/SDKs/current/sdk-core/pebble/aplite/lib/libpebble.a(tmp7jpKUopebble.o)
                0x0000000000001350                connection_service_peek_pebble_app_connection
 .text.connection_service_subscribe
                0x000000000000135c        0xc /home/rebble/.pebble-sdk/SDKs/current/sdk-core/pebble/aplite/lib/libpebble.a(tmp7jpKUopebble.o)
                0x000000000000135c                connection_service_subscribe
 .text.connection_service_unsubscribe
                0x0000000000001368        0xc /home/rebble/.pebble-sdk/SDKs/current/sdk-core/pebble/aplite/lib/libpebble.a(tmp7jpKUopebble.o)
                0x0000000000001368                connection_service_unsubscribe
 .text.gbitmap_get_data_row_info
                0x0000000000001374        0xc /home/rebble/.pebble-sdk/SDKs/current/sdk-core/pebble/aplite/lib/libpebble.a(tmp7jpKUopebble.o)
                0x0000000000001374                gbitmap_get_data_row_info
 *(.rodata)
 *(.rodata*)
 .rodata.str1.1
                0x0000000000000000        0x0 src/c/engineeringtime.c.9.o
                                          0x1 (size before relaxing)
 .rodata.str1.1
                0x0000000000001380       0x17 src/c/windows/main_window.c.9.o

.glue_7         0x0000000000001398        0x0
 .glue_7        0x0000000000000000        0x0 linker stubs

.glue_7t        0x0000000000001398        0x0
 .glue_7t       0x0000000000000000        0x0 linker stubs

.vfp11_veneer   0x0000000000001398        0x0
 .vfp11_veneer  0x0000000000000000        0x0 linker stubs

.v4_bx          0x0000000000001398        0x0
 .v4_bx         0x0000000000000000        0x0 linker stubs

.iplt           0x0000000000001398        0x0
 .iplt          0x0000000000000000        0x0 /home/rebble/pebble-dev/pebble-sdk-4.6-rc2-linux64/arm-cs-tools/bin/../lib/gcc/arm-none-eabi/4.7.2/thumb2/crtbegin.o

.rel.dyn        0x0000000000001398        0x0
 .rel.iplt      0x0000000000000000        0x0 /home/rebble/pebble-dev/pebble-sdk-4.6-rc2-linux64/arm-cs-tools/bin/../lib/gcc/arm-none-eabi/4.7.2/thumb2/crtbegin.o

.data           0x0000000000001398     0x3c6e
 *(.data)
 .data          0x0000000000001398        0x0 /home/rebble/pebble-dev/pebble-sdk-4.6-rc2-linux64/arm-cs-tools/bin/../lib/gcc/arm-none-eabi/4.7.2/thumb2/crti.o
 .data          0x0000000000001398        0x4 /home/rebble/pebble-dev/pebble-sdk-4.6-rc2-linux64/arm-cs-tools/bin/../lib/gcc/arm-none-eabi/4.7.2/thumb2/crtbegin.o
                0x0000000000001398                __dso_handle
 .data          0x000000000000139c        0x0 src/c/engineeringtime.c.9.o
 .data          0x000000000000139c        0x0 src/c/lib/universal_fb/universal_fb.c.9.o
 .data          0x000000000000139c        0x0 src/c/modules/comm.c.9.o
 .data          0x000000000000139c        0x0 src/c/modules/data.c.9.o
 .data          0x000000000000139c        0x0 src/c/modules/font.c.9.o
 .data          0x000000000000139c        0x0 src/c/windows/main_window.c.9.o
 .data          0x000000000000139c        0x0 aplite/appinfo.auto.c.9.o
 .data          0x000000000000139c        0x0 aplite/src/resource_ids.auto.c.9.o
 .data          0x000000000000139c        0x0 src/message_keys.auto.c.9.o
 .data          0x000000000000139c        0x0 /home/rebble/.pebble-sdk/SDKs/current/sdk-core/pebble/aplite/lib/libpebble.a(tmp7jpKUopebble.o)
 .data          0x000000000000139c        0x0 /home/rebble/pebble-dev/pebble-sdk-4.6-rc2-linux64/arm-cs-tools/bin/../lib/gcc/arm-none-eabi/4.7.2/thumb2/libgcc.a(_arm_addsubsf3.o)
 .data          0x000000000000139c        0x0 /home/rebble/pebble-dev/pebble-sdk-4.6-rc2-linux64/arm-cs-tools/bin/../lib/gcc/arm-none-eabi/4.7.2/thumb2/libgcc.a(_arm_muldivsf3.o)
 .data          0x000000000000139c        0x0 /home/rebble/pebble-dev/pebble-sdk-4.6-rc2-linux64/arm-cs-tools/bin/../lib/gcc/arm-none-eabi/4.7.2/thumb2/libgcc.a(_arm_fixsfsi.o)
 .data          0x000000000000139c        0x0 /home/rebble/pebble-dev/pebble-sdk-4.6-rc2-linux64/arm-cs-tools/bin/../lib/gcc/arm-none-eabi/4.7.2/thumb2/crtend.o
 .data          0x000000000000139c        0x0 /home/rebble/pebble-dev/pebble-sdk-4.6-rc2-linux64/arm-cs-tools/bin/../lib/gcc/arm-none-eabi/4.7.2/thumb2/crtn.o
 *(.data.*)
 .data.FONT_SIMPLEX
                0x000000000000139c     0x3c60 src/c/modules/font.c.9.o
                0x000000000000139c                FONT_SIMPLEX
 .data.s_chars.7540
                0x0000000000004ffc        0xa src/c/windows/main_window.c.9.o

.igot.plt       0x0000000000005008        0x0
 .igot.plt      0x0000000000000000        0x0 /home/rebble/pebble-dev/pebble-sdk-4.6-rc2-linux64/arm-cs-tools/bin/../lib/gcc/arm-none-eabi/4.7.2/thumb2/crtbegin.o

.bss            0x0000000000005008       0x74
 *(.bss)
 *(.bss.*)
 .bss.s_foreground
                0x0000000000005008        0x1 src/c/modules/data.c.9.o
 .bss.s_bool_settings
                0x0000000000005009        0x5 src/c/modules/data.c.9.o
 .bss.s_background
                0x000000000000500e        0x1 src/c/modules/data.c.9.o
 *fill*         0x000000000000500f        0x1 
 .bss.s_date_layer
                0x0000000000005010        0x4 src/c/windows/main_window.c.9.o
 .bss.s_date_buffer
                0x0000000000005014       0x20 src/c/windows/main_window.c.9.o
 .bss.s_bt_bitmap
                0x0000000000005034        0x4 src/c/windows/main_window.c.9.o
 .bss.s_digits  0x0000000000005038       0x14 src/c/windows/main_window.c.9.o
 .bss.s_window  0x000000000000504c        0x4 src/c/windows/main_window.c.9.o
 .bss.s_time_buffer
                0x0000000000005050        0x6 src/c/windows/main_window.c.9.o
 *fill*         0x0000000000005056        0x2 
 .bss.s_bt_layer
                0x0000000000005058        0x4 src/c/windows/main_window.c.9.o
 .bss.s_digit_states_now
                0x000000000000505c       0x10 src/c/windows/main_window.c.9.o
 .bss.s_digit_states_prev
                0x000000000000506c       0x10 src/c/windows/main_window.c.9.o

DISCARD
 libc.a(*)
 libm.a(*)
 libgcc.a(*)
 *(.eh_frame)
OUTPUT(/home/rebble/Projects/engineeringtime/build/aplite/pebble-app.elf elf32-littlearm)

.ARM.attributes
                0x0000000000000000       0x27
 .ARM.attributes
                0x0000000000000000       0x19 /home/rebble/pebble-dev/pebble-sdk-4.6-rc2-linux64/arm-cs-tools/bin/../lib/gcc/arm-none-eabi/4.7.2/thumb2/crti.o
 .ARM.attributes
                0x0000000000000019       0x29 /home/rebble/pebble-dev/pebble-sdk-4.6-rc2-linux64/arm-cs-tools/bin/../lib/gcc/arm-none-eabi/4.7.2/thumb2/crtbegin.o
 .ARM.attributes
                0x0000000000000042       0x33 src/c/engineeringtime.c.9.o
 .ARM.attributes
                0x0000000000000075       0x33 src/c/lib/universal_fb/universal_fb.c.9.o
 .ARM.attributes
                0x00000000000000a8       0x33 src/c/modules/comm.c.9.o
 .ARM.attributes
                0x00000000000000db       0x33 src/c/modules/data.c.9.o
 .ARM.attributes
                0x000000000000010e       0x33 src/c/modules/font.c.9.o
 .ARM.attributes
                0x0000000000000141       0x33 src/c/windows/main_window.c.9.o
 .ARM.attributes
                0x0000000000000174       0x33 aplite/appinfo.auto.c.9.o
 .ARM.attributes
                0x00000000000001a7       0x33 aplite/src/resource_ids.auto.c.9.o
 .ARM.attributes
                0x00000000000001da       0x33 src/message_keys.auto.c.9.o
 .ARM.attributes
                0x000000000000020d       0x21 /home/rebble/.pebble-sdk/SDKs/current/sdk-core/pebble/aplite/lib/libpebble.a(tmp7jpKUopebble.o)
 .ARM.attributes
                0x000000000000022e       0x19 /home/rebble/pebble-dev/pebble-sdk-4.6-rc2-linux64/arm-cs-tools/bin/../lib/gcc/arm-none-eabi/4.7.2/thumb2/libgcc.a(_arm_addsubsf3.o)
 .ARM.attributes
                0x0000000000000247       0x19 /home/rebble/pebble-dev/pebble-sdk-4.6-rc2-linux64/arm-cs-tools/bin/../lib/gcc/arm-none-eabi/4.7.2/thumb2/libgcc.a(_arm_muldivsf3.o)
 .ARM.attributes
                0x0000000000000260       0x19 /home/rebble/pebble-dev/pebble-sdk-4.6-rc2-linux64/arm-cs-tools/bin/../lib/gcc/arm-none-eabi/4.7.2/thumb2/libgcc.a(_arm_fixsfsi.o)
 .ARM.attributes
                0x0000000000000279       0x29 /home/rebble/pebble-dev/pebble-sdk-4.6-rc2-linux64/arm-cs-tools/bin/../lib/gcc/arm-none-eabi/4.7.2/thumb2/crtend.o
 .ARM.attributes
                0x00000000000002a2       0x19 /home/rebble/pebble-dev/pebble-sdk-4.6-rc2-linux64/arm-cs-tools/bin/../lib/gcc/arm-none-eabi/4.7.2/thumb2/crtn.o

.comment        0x0000000000000000       0x4e
 .comment       0x0000000000000000       0x4e /home/rebble/pebble-dev/pebble-sdk-4.6-rc2-linux64/arm-cs-tools/bin/../lib/gcc/arm-none-eabi/4.7.2/thumb2/crtbegin.o
                                         0x4f (size before relaxing)
 .comment       0x0000000000000000       0x4f src/c/engineeringtime.c.9.o
 .comment       0x0000000000000000       0x4f src/c/lib/universal_fb/universal_fb.c.9.o
 .comment       0x0000000000000000       0x4f src/c/modules/comm.c.9.o
 .comment       0x0000000000000000       0x4f src/c/modules/data.c.9.o
 .comment       0x0000000000000000       0x4f src/c/modules/font.c.9.o
 .comment       0x0000000000000000       0x4f src/c/windows/main_window.c.9.o
 .comment       0x0000000000000000       0x4f aplite/appinfo.auto.c.9.o
 .comment       0x0000000000000000       0x4f aplite/src/resource_ids.auto.c.9.o
 .comment       0x0000000000000000       0x4f src/message_keys.auto.c.9.o
 .comment       0x0000000000000000       0x4f /home/rebble/pebble-dev/pebble-sdk-4.6-rc2-linux64/arm-cs-tools/bin/../lib/gcc/arm-none-eabi/4.7.2/thumb2/crtend.o

.debug_info     0x0000000000000000     0x3021
 .debug_info    0x0000000000000000      0x1f6 src/c/engineeringtime.c.9.o
 .debug_info    0x00000000000001f6      0x51d src/c/lib/universal_fb/universal_fb.c.9.o
 .debug_info    0x0000000000000713      0x5a4 src/c/modules/comm.c.9.o
 .debug_info    0x0000000000000cb7      0x50b src/c/modules/data.c.9.o
 .debug_info    0x00000000000011c2      0x354 src/c/modules/font.c.9.o
 .debug_info    0x0000000000001516     0x1482 src/c/windows/main_window.c.9.o
 .debug_info    0x0000000000002998      0x31a aplite/appinfo.auto.c.9.o
 .debug_info    0x0000000000002cb2       0xc9 aplite/src/resource_ids.auto.c.9.o
 .debug_info    0x0000000000002d7b       0x81 src/message_keys.auto.c.9.o
 .debug_info    0x0000000000002dfc       0xb7 /home/rebble/pebble-dev/pebble-sdk-4.6-rc2-linux64/arm-cs-tools/bin/../lib/gcc/arm-none-eabi/4.7.2/thumb2/libgcc.a(_arm_addsubsf3.o)
 .debug_info    0x0000000000002eb3       0xb7 /home/rebble/pebble-dev/pebble-sdk-4.6-rc2-linux64/arm-cs-tools/bin/../lib/gcc/arm-none-eabi/4.7.2/thumb2/libgcc.a(_arm_muldivsf3.o)
 .debug_info    0x0000000000002f6a       0xb7 /home/rebble/pebble-dev/pebble-sdk-4.6-rc2-linux64/arm-cs-tools/bin/../lib/gcc/arm-none-eabi/4.7.2/thumb2/libgcc.a(_arm_fixsfsi.o)

.debug_abbrev   0x0000000000000000      0xe3a
 .debug_abbrev  0x0000000000000000      0x129 src/c/engineeringtime.c.9.o
 .debug_abbrev  0x0000000000000129      0x24d src/c/lib/universal_fb/universal_fb.c.9.o
 .debug_abbrev  0x0000000000000376      0x1ea src/c/modules/comm.c.9.o
 .debug_abbrev  0x0000000000000560      0x20c src/c/modules/data.c.9.o
 .debug_abbrev  0x000000000000076c      0x1ae src/c/modules/font.c.9.o
 .debug_abbrev  0x000000000000091a      0x3be src/c/windows/main_window.c.9.o
 .debug_abbrev  0x0000000000000cd8       0x9e aplite/appinfo.auto.c.9.o
 .debug_abbrev  0x0000000000000d76       0x44 aplite/src/resource_ids.auto.c.9.o
 .debug_abbrev  0x0000000000000dba       0x44 src/message_keys.auto.c.9.o
 .debug_abbrev  0x0000000000000dfe       0x14 /home/rebble/pebble-dev/pebble-sdk-4.6-rc2-linux64/arm-cs-tools/bin/../lib/gcc/arm-none-eabi/4.7.2/thumb2/libgcc.a(_arm_addsubsf3.o)
 .debug_abbrev  0x0000000000000e12       0x14 /home/rebble/pebble-dev/pebble-sdk-4.6-rc2-linux64/arm-cs-tools/bin/../lib/gcc/arm-none-eabi/4.7.2/thumb2/libgcc.a(_arm_muldivsf3.o)
 .debug_abbrev  0x0000000000000e26       0x14 /home/rebble/pebble-dev/pebble-sdk-4.6-rc2-linux64/arm-cs-tools/bin/../lib/gcc/arm-none-eabi/4.7.2/thumb2/libgcc.a(_arm_fixsfsi.o)

.debug_loc      0x0000000000000000      0xb75
 .debug_loc     0x0000000000000000       0x20 src/c/engineeringtime.c.9.o
 .debug_loc     0x0000000000000020      0x20c src/c/lib/universal_fb/universal_fb.c.9.o
 .debug_loc     0x000000000000022c      0x11a src/c/modules/comm.c.9.o
 .debug_loc     0x0000000000000346       0xd0 src/c/modules/data.c.9.o
 .debug_loc     0x0000000000000416      0x313 src/c/modules/font.c.9.o
 .debug_loc     0x0000000000000729      0x44c src/c/windows/main_window.c.9.o

.debug_aranges  0x0000000000000000      0x220
 .debug_aranges
                0x0000000000000000       0x20 src/c/engineeringtime.c.9.o
 .debug_aranges
                0x0000000000000020       0x30 src/c/lib/universal_fb/universal_fb.c.9.o
 .debug_aranges
                0x0000000000000050       0x30 src/c/modules/comm.c.9.o
 .debug_aranges
                0x0000000000000080       0x58 src/c/modules/data.c.9.o
 .debug_aranges
                0x00000000000000d8       0x28 src/c/modules/font.c.9.o
 .debug_aranges
                0x0000000000000100       0x78 src/c/windows/main_window.c.9.o
 .debug_aranges
                0x0000000000000178       0x18 aplite/appinfo.auto.c.9.o
 .debug_aranges
                0x0000000000000190       0x18 aplite/src/resource_ids.auto.c.9.o
 .debug_aranges
                0x00000000000001a8       0x18 src/message_keys.auto.c.9.o
 .debug_aranges
                0x00000000000001c0       0x20 /home/rebble/pebble-dev/pebble-sdk-4.6-rc2-linux64/arm-cs-tools/bin/../lib/gcc/arm-none-eabi/4.7.2/thumb2/libgcc.a(_arm_addsubsf3.o)
 .debug_aranges
                0x00000000000001e0       0x20 /home/rebble/pebble-dev/pebble-sdk-4.6-rc2-linux64/arm-cs-tools/bin/../lib/gcc/arm-none-eabi/4.7.2/thumb2/libgcc.a(_arm_muldivsf3.o)
 .debug_aranges
                0x0000000000000200       0x20 /home/rebble/pebble-dev/pebble-sdk-4.6-rc2-linux64/arm-cs-tools/bin/../lib/gcc/arm-none-eabi/4.7.2/thumb2/libgcc.a(_arm_fixsfsi.o)

.debug_ranges   0x0000000000000000      0x2d0
 .debug_ranges  0x0000000000000000       0x10 src/c/engineeringtime.c.9.o
 .debug_ranges  0x0000000000000010       0xd0 src/c/lib/universal_fb/universal_fb.c.9.o
 .debug_ranges  0x00000000000000e0       0x20 src/c/modules/comm.c.9.o
 .debug_ranges  0x0000000000000100       0x90 src/c/modules/data.c.9.o
 .debug_ranges  0x0000000000000190       0x48 src/c/modules/font.c.9.o
 .debug_ranges  0x00000000000001d8       0xf8 src/c/windows/main_window.c.9.o

.debug_line     0x0000000000000000     0x1367
 .debug_line    0x0000000000000000      0x1a9 src/c/engineeringtime.c.9.o
 .debug_line    0x00000000000001a9      0x1fe src/c/lib/universal_fb/universal_fb.c.9.o
 .debug_line    0x00000000000003a7      0x199 src/c/modules/comm.c.9.o
 .debug_line    0x0000000000000540      0x1ee src/c/modules/data.c.9.o
 .debug_line    0x000000000000072e      0x224 src/c/modules/font.c.9.o
 .debug_line    0x0000000000000952      0x460 src/c/windows/main_window.c.9.o
 .debug_line    0x0000000000000db2      0x125 aplite/appinfo.auto.c.9.o
 .debug_line    0x0000000000000ed7       0xd0 aplite/src/resource_ids.auto.c.9.o
 .debug_line    0x0000000000000fa7       0xc9 src/message_keys.auto.c.9.o
 .debug_line    0x0000000000001070      0x128 /home/rebble/pebble-dev/pebble-sdk-4.6-rc2-linux64/arm-cs-tools/bin/../lib/gcc/arm-none-eabi/4.7.2/thumb2/libgcc.a(_arm_addsubsf3.o)
 .debug_line    0x0000000000001198      0x149 /home/rebble/pebble-dev/pebble-sdk-4.6-rc2-linux64/arm-cs-tools/bin/../lib/gcc/arm-none-eabi/4.7.2/thumb2/libgcc.a(_arm_muldivsf3.o)
 .debug_line    0x00000000000012e1       0x86 /home/rebble/pebble-dev/pebble-sdk-4.6-rc2-linux64/arm-cs-tools/bin/../lib/gcc/arm-none-eabi/4.7.2/thumb2/libgcc.a(_arm_fixsfsi.o)

.debug_str      0x0000000000000000     0x12cb
 .debug_str     0x0000000000000000      0x122 src/c/engineeringtime.c.9.o
                                        0x167 (size before relaxing)
 .debug_str     0x0000000000000122      0x139 src/c/lib/universal_fb/universal_fb.c.9.o
                                        0x228 (size before relaxing)
 .debug_str     0x000000000000025b      0x399 src/c/modules/comm.c.9.o
                                        0x4d1 (size before relaxing)
 .debug_str     0x00000000000005f4      0x156 src/c/modules/data.c.9.o
                                        0x321 (size before relaxing)
 .debug_str     0x000000000000074a       0xac src/c/modules/font.c.9.o
                                        0x192 (size before relaxing)
 .debug_str     0x00000000000007f6      0x7d8 src/c/windows/main_window.c.9.o
                                        0xab0 (size before relaxing)
 .debug_str     0x0000000000000fce      0x236 aplite/appinfo.auto.c.9.o
                                        0x31a (size before relaxing)
 .debug_str     0x0000000000001204       0x9d aplite/src/resource_ids.auto.c.9.o
                                        0x162 (size before relaxing)
 .debug_str     0x00000000000012a1       0x2a src/message_keys.auto.c.9.o
                                         0xef (size before relaxing)

.debug_frame    0x0000000000000000      0x360
 .debug_frame   0x0000000000000000       0x28 src/c/engineeringtime.c.9.o
 .debug_frame   0x0000000000000028       0x7c src/c/lib/universal_fb/universal_fb.c.9.o
 .debug_frame   0x00000000000000a4       0x54 src/c/modules/comm.c.9.o
 .debug_frame   0x00000000000000f8       0xa8 src/c/modules/data.c.9.o
 .debug_frame   0x00000000000001a0       0x64 src/c/modules/font.c.9.o
 .debug_frame   0x0000000000000204      0x15c src/c/windows/main_window.c.9.o
